Microchip MPLAB XC8 Compiler V2.41

Linker command line:

--edf=C:\Program Files\Microchip\xc8\v2.41\pic\dat\20230208172133_en.msgs \
  -cn -h+dist/HT_PIC16F1936/production\pic16_c_template_1.X.production.sym \
  --cmf=dist/HT_PIC16F1936/production\pic16_c_template_1.X.production.cmf \
  -z -Q16LF1936 \
  -oC:\Users\federico\AppData\Local\Temp\xcBs4r8.1\driver_tmp_3.o \
  --defsym=__MPLAB_BUILD=1 --fixupoverflow=error \
  -Mdist/HT_PIC16F1936/production/pic16_c_template_1.X.production.map \
  --md=C:\Users\federico\AppData\Local\Temp\xcBs4r8.1\driver_tmp_0.dat -E1 \
  -ver=XC8 Compiler --acfsm=1493 -ACODE=00h-07FFhx4 -ASTRCODE=00h-01FFFh \
  -ASTRING=00h-0FFhx32 -ACONST=00h-0FFhx32 -AENTRY=00h-0FFhx32 \
  -ACOMMON=070h-07Fh -ABANK0=020h-06Fh -ABANK1=0A0h-0EFh \
  -ABANK2=0120h-016Fh -ABANK3=01A0h-01EFh -ABANK4=0220h-026Fh \
  -ABANK5=02A0h-02EFh -ABANK6=0320h-032Fh -ABIGRAM=02000h-021EFh \
  -ARAM=020h-06Fh,0A0h-0EFh,0120h-016Fh,01A0h-01EFh,0220h-026Fh,02A0h-02EFh,0320h-032Fh \
  -AABS1=020h-07Fh,0A0h-0EFh,0120h-016Fh,01A0h-01EFh,0220h-026Fh,02A0h-02EFh,0320h-032Fh \
  -ASFR0=00h-01Fh -ASFR1=080h-09Fh -ASFR2=0100h-011Fh -ASFR3=0180h-019Fh \
  -ASFR4=0200h-021Fh -ASFR5=0280h-029Fh -ASFR6=0300h-031Fh \
  -ASFR7=0380h-03EFh -ASFR8=0400h-046Fh -ASFR9=0480h-04EFh \
  -ASFR10=0500h-056Fh -ASFR11=0580h-05EFh -ASFR12=0600h-066Fh \
  -ASFR13=0680h-06EFh -ASFR14=0700h-076Fh -ASFR15=0780h-07EFh \
  -ASFR16=0800h-086Fh -ASFR17=0880h-08EFh -ASFR18=0900h-096Fh \
  -ASFR19=0980h-09EFh -ASFR20=0A00h-0A6Fh -ASFR21=0A80h-0AEFh \
  -ASFR22=0B00h-0B6Fh -ASFR23=0B80h-0BEFh -ASFR24=0C00h-0C6Fh \
  -ASFR25=0C80h-0CEFh -ASFR26=0D00h-0D6Fh -ASFR27=0D80h-0DEFh \
  -ASFR28=0E00h-0E6Fh -ASFR29=0E80h-0EEFh -ASFR30=0F00h-0F6Fh \
  -ASFR31=0F80h-0FEFh -ACONFIG=08007h-08008h -DCONFIG=2 \
  -AIDLOC=08000h-08003h -DIDLOC=2 -AEEDATA=00h-0FFh/0F000h \
  -peeprom_data=EEDATA -DEEDATA=2 -DCODE=2 -DSTRCODE=2 -DSTRING=2 -DCONST=2 \
  -DENTRY=2 -preset_vec=00h,intentry=04h,init,end_init -ppowerup=CODE \
  -pcinit=CODE -pfunctab=ENTRY -k \
  C:\Users\federico\AppData\Local\Temp\xcBs4r8.1\driver_tmp_15.o \
  dist/HT_PIC16F1936/production\pic16_c_template_1.X.production.o 

Object code version is 3.11

Machine type is 16LF1936



                Name                               Link     Load   Length Selector   Space Scale
C:\Users\federico\AppData\Local\Temp\xcBs4r8.1\driver_tmp_15.o
                end_init                             27       27        2        8       0
                reset_vec                             0        0        2        0       0
                config                             8007     8007        2        0       4
dist/HT_PIC16F1936/production\pic16_c_template_1.X.production.o
                cinit                                29       29       14        8       0
                intentry                              4        4       23        8       0
                config                             8007     8007        2        0       4
                text35                              222      222        3        8       0
                text34                              209      209        5        8       0
                text33                              21F      21F        3        8       0
                text32                              18C      18C        D        8       0
                text31                              21C      21C        3        8       0
                text30                              1B2      1B2        7        8       0
                text29                              204      204        5        8       0
                text28                              212      212        4        8       0
                text27                              1AB      1AB        7        8       0
                text26                              1FF      1FF        5        8       0
                text25                              17F      17F        D        8       0
                text24                              219      219        3        8       0
                text23                              1FA      1FA        5        8       0
                text22                              1EF      1EF        6        8       0
                text21                              144      144       12        8       0
                text20                              1F5      1F5        5        8       0
                text19                              172      172        D        8       0
                text18                               3D       3D       69        8       0
                text16                              216      216        3        8       0
                text15                              156      156        F        8       0
                text14                              1E9      1E9        6        8       0
                text13                              1E3      1E3        6        8       0
                text12                              1DD      1DD        6        8       0
                text11                              1D7      1D7        6        8       0
                text10                              1D1      1D1        6        8       0
                text9                               1CB      1CB        6        8       0
                text8                               1C5      1C5        6        8       0
                text7                               1BF      1BF        6        8       0
                text6                                EA       EA       3F        8       0
                text5                               199      199        B        8       0
                text4                               1A4      1A4        7        8       0
                text3                               129      129       1B        8       0
                text2                               20E      20E        4        8       0
                text1                               165      165        D        8       0
                maintext                             A6       A6       44        8       0
                cstackBANK0                          2E       2E        2       20       1
                cstackCOMMON                         78       78        4       70       1
                clrtext                             1B9      1B9        6        8       0
                bssBANK0                             20       20        E       20       1
                bssCOMMON                            70       70        8       70       1

TOTAL           Name                               Link     Load   Length     Space
        CLASS   CODE           
                end_init                             27       27        2         0
                cinit                                29       29       14         0
                intentry                              4        4       23         0
                reset_vec                             0        0        2         0
                text35                              222      222        3         0
                text34                              209      209        5         0
                text33                              21F      21F        3         0
                text32                              18C      18C        D         0
                text31                              21C      21C        3         0
                text30                              1B2      1B2        7         0
                text29                              204      204        5         0
                text28                              212      212        4         0
                text27                              1AB      1AB        7         0
                text26                              1FF      1FF        5         0
                text25                              17F      17F        D         0
                text24                              219      219        3         0
                text23                              1FA      1FA        5         0
                text22                              1EF      1EF        6         0
                text21                              144      144       12         0
                text20                              1F5      1F5        5         0
                text19                              172      172        D         0
                text18                               3D       3D       69         0
                text16                              216      216        3         0
                text15                              156      156        F         0
                text14                              1E9      1E9        6         0
                text13                              1E3      1E3        6         0
                text12                              1DD      1DD        6         0
                text11                              1D7      1D7        6         0
                text10                              1D1      1D1        6         0
                text9                               1CB      1CB        6         0
                text8                               1C5      1C5        6         0
                text7                               1BF      1BF        6         0
                text6                                EA       EA       3F         0
                text5                               199      199        B         0
                text4                               1A4      1A4        7         0
                text3                               129      129       1B         0
                text2                               20E      20E        4         0
                text1                               165      165        D         0
                maintext                             A6       A6       44         0
                clrtext                             1B9      1B9        6         0

        CLASS   STRCODE        

        CLASS   STRING         

        CLASS   CONST          

        CLASS   ENTRY          

        CLASS   COMMON         
                cstackCOMMON                         78       78        4         1
                bssCOMMON                            70       70        8         1

        CLASS   BANK0          
                cstackBANK0                          2E       2E        2         1
                bssBANK0                             20       20        E         1

        CLASS   BANK1          

        CLASS   BANK2          

        CLASS   BANK3          

        CLASS   BANK4          

        CLASS   BANK5          

        CLASS   BANK6          

        CLASS   BIGRAM         

        CLASS   RAM            

        CLASS   ABS1           
                abs_s1                               7E       7E        2         1

        CLASS   SFR0           

        CLASS   SFR1           

        CLASS   SFR2           

        CLASS   SFR3           

        CLASS   SFR4           

        CLASS   SFR5           

        CLASS   SFR6           

        CLASS   SFR7           

        CLASS   SFR8           

        CLASS   SFR9           

        CLASS   SFR10          

        CLASS   SFR11          

        CLASS   SFR12          

        CLASS   SFR13          

        CLASS   SFR14          

        CLASS   SFR15          

        CLASS   SFR16          

        CLASS   SFR17          

        CLASS   SFR18          

        CLASS   SFR19          

        CLASS   SFR20          

        CLASS   SFR21          

        CLASS   SFR22          

        CLASS   SFR23          

        CLASS   SFR24          

        CLASS   SFR25          

        CLASS   SFR26          

        CLASS   SFR27          

        CLASS   SFR28          

        CLASS   SFR29          

        CLASS   SFR30          

        CLASS   SFR31          

        CLASS   CONFIG         
                config                             8007     8007        2         4

        CLASS   IDLOC          

        CLASS   EEDATA         

        CLASS   BANK31         

        CLASS   BANK30         

        CLASS   BANK29         

        CLASS   BANK28         

        CLASS   BANK27         

        CLASS   BANK26         

        CLASS   BANK25         

        CLASS   BANK24         

        CLASS   BANK23         

        CLASS   BANK22         

        CLASS   BANK21         

        CLASS   BANK20         

        CLASS   BANK19         

        CLASS   BANK18         

        CLASS   BANK17         

        CLASS   BANK16         

        CLASS   BANK15         

        CLASS   BANK14         

        CLASS   BANK13         

        CLASS   BANK12         

        CLASS   BANK11         

        CLASS   BANK10         

        CLASS   BANK9          

        CLASS   BANK8          

        CLASS   BANK7          

        CLASS   HEAP           

        CLASS   STACK          



SEGMENTS        Name                           Load    Length   Top    Selector   Space  Class     Delta

                reset_vec                      000000  000002  000002         0       0  CODE        2
                intentry                       000004  000221  000225         8       0  CODE        2
                bssBANK0                       000020  000010  000030        20       1  BANK0       1
                bssCOMMON                      000070  00000C  00007C        70       1  COMMON      1


UNUSED ADDRESS RANGES

        Name                Unused          Largest block    Delta
        BANK0            00030-0006F              40           1
        BANK1            000A0-000EF              50           1
        BANK2            00120-0016F              50           1
        BANK3            001A0-001EF              50           1
        BANK4            00220-0026F              50           1
        BANK5            002A0-002EF              50           1
        BANK6            00320-0032F              10           1
        BIGRAM           02000-021EF             1F0           1
        CODE             00002-00003               2           2
                         00225-01FFF             800
        COMMON           0007C-0007D               2           1
        CONST            00002-00003               2           2
                         00225-01FFF             100
        EEDATA           0F000-0F0FF             100           2
        ENTRY            00002-00003               2           2
                         00225-01FFF             100
        IDLOC            08000-08003               4           2
        RAM              00030-0006F              40           1
                         000A0-000EF              50
                         00120-0016F              50
                         001A0-001EF              50
                         00220-0026F              50
                         002A0-002EF              50
                         00320-0032F              10
        SFR0             00000-0001F              20           1
        SFR1             00080-0009F              20           1
        SFR10            00500-0056F              70           1
        SFR11            00580-005EF              70           1
        SFR12            00600-0066F              70           1
        SFR13            00680-006EF              70           1
        SFR14            00700-0076F              70           1
        SFR15            00780-007EF              70           1
        SFR16            00800-0086F              70           1
        SFR17            00880-008EF              70           1
        SFR18            00900-0096F              70           1
        SFR19            00980-009EF              70           1
        SFR2             00100-0011F              20           1
        SFR20            00A00-00A6F              70           1
        SFR21            00A80-00AEF              70           1
        SFR22            00B00-00B6F              70           1
        SFR23            00B80-00BEF              70           1
        SFR24            00C00-00C6F              70           1
        SFR25            00C80-00CEF              70           1
        SFR26            00D00-00D6F              70           1
        SFR27            00D80-00DEF              70           1
        SFR28            00E00-00E6F              70           1
        SFR29            00E80-00EEF              70           1
        SFR3             00180-0019F              20           1
        SFR30            00F00-00F6F              70           1
        SFR31            00F80-00FEF              70           1
        SFR4             00200-0021F              20           1
        SFR5             00280-0029F              20           1
        SFR6             00300-0031F              20           1
        SFR7             00380-003EF              70           1
        SFR8             00400-0046F              70           1
        SFR9             00480-004EF              70           1
        STRCODE          00002-00003               2           2
                         00225-01FFF            1DDB
        STRING           00002-00003               2           2
                         00225-01FFF             100

                                  Symbol Table

I2C_SlaveSendTxData@data                  cstackCOMMON 00078
I2C_SlaveSetAddrIntHandler@handler        cstackBANK0  0002E
I2C_SlaveSetBusColIntHandler@handler      cstackBANK0  0002E
I2C_SlaveSetIsrHandler@handler            cstackBANK0  0002E
I2C_SlaveSetReadIntHandler@handler        cstackBANK0  0002E
I2C_SlaveSetSlaveAddr@slaveAddr           cstackBANK0  0002E
I2C_SlaveSetSlaveMask@maskAddr            cstackBANK0  0002E
I2C_SlaveSetWrColIntHandler@handler       cstackBANK0  0002E
I2C_SlaveSetWriteIntHandler@handler       cstackBANK0  0002E
I2C_Write@data                            cstackCOMMON 00079
_ANSELA                                   (abs)        0018C
_ANSELB                                   (abs)        0018D
_APFCON                                   (abs)        0011D
_AddressIntHandler                        text33       0021F
_BORCON                                   (abs)        00116
_EEADRH                                   (abs)        00192
_EEADRL                                   (abs)        00191
_EECON1bits                               (abs)        00195
_EECON2                                   (abs)        00196
_EEDATH                                   (abs)        00194
_EEDATL                                   (abs)        00193
_I2C_Initialize                           text5        00199
_I2C_Isr                                  text18       0003D
_I2C_Open                                 text6        000EA
_I2C_SlaveAddrCallBack                    text32       0018C
_I2C_SlaveAddrInterruptHandler            bssBANK0     00026
_I2C_SlaveBusColInterruptHandler          bssBANK0     00024
_I2C_SlaveClearIrq                        text31       0021C
_I2C_SlaveDefAddrInterruptHandler         text34       00209
_I2C_SlaveDefBusColInterruptHandler       (abs)        00000
_I2C_SlaveDefRdInterruptHandler           text26       001FF
_I2C_SlaveDefWrColInterruptHandler        (abs)        00000
_I2C_SlaveDefWrInterruptHandler           text20       001F5
_I2C_SlaveEnableIrq                       text16       00216
_I2C_SlaveGetRxData                       text35       00222
_I2C_SlaveIsAddr                          text30       001B2
_I2C_SlaveIsRead                          text29       00204
_I2C_SlaveIsRxBufFull                     text28       00212
_I2C_SlaveIsTxBufEmpty                    text27       001AB
_I2C_SlaveOpen                            text15       00156
_I2C_SlaveRdCallBack                      text25       0017F
_I2C_SlaveRdInterruptHandler              bssBANK0     0002A
_I2C_SlaveReleaseClock                    text24       00219
_I2C_SlaveSendTxData                      text23       001FA
_I2C_SlaveSetAddrIntHandler               text14       001E9
_I2C_SlaveSetBusColIntHandler             text13       001E3
_I2C_SlaveSetIsrHandler                   text12       001DD
_I2C_SlaveSetReadIntHandler               text11       001D7
_I2C_SlaveSetSlaveAddr                    text10       001D1
_I2C_SlaveSetSlaveMask                    text9        001CB
_I2C_SlaveSetWrColIntHandler              text8        001C5
_I2C_SlaveSetWriteIntHandler              text7        001BF
_I2C_SlaveWrCallBack                      text19       00172
_I2C_SlaveWrColInterruptHandler           bssBANK0     00022
_I2C_SlaveWrInterruptHandler              bssBANK0     00028
_I2C_Write                                text22       001EF
_INTCONbits                               (abs)        0000B
_INTERRUPT_InterruptManager               intentry     00004
_LATA                                     (abs)        0010C
_LATAbits                                 (abs)        0010C
_LATB                                     (abs)        0010D
_LATC                                     (abs)        0010E
_LATE                                     (abs)        00110
_MSSP_InterruptHandler                    bssBANK0     0002C
_OPTION_REGbits                           (abs)        00095
_OSCCON                                   (abs)        00099
_OSCILLATOR_Initialize                    text4        001A4
_OSCTUNE                                  (abs)        00098
_PIE1bits                                 (abs)        00091
_PIE2bits                                 (abs)        00092
_PIN_MANAGER_Initialize                   text3        00129
_PIR1bits                                 (abs)        00011
_PIR2bits                                 (abs)        00012
_PORTAbits                                (abs)        0000C
_ReadIntHandler                           text21       00144
_SSPADD                                   (abs)        00212
_SSPBUF                                   (abs)        00211
_SSPCON1                                  (abs)        00215
_SSPCON1bits                              (abs)        00215
_SSPCON2                                  (abs)        00216
_SSPCON2bits                              (abs)        00216
_SSPMSK                                   (abs)        00213
_SSPSTAT                                  (abs)        00214
_SSPSTATbits                              (abs)        00214
_SYSTEM_Initialize                        text1        00165
_TRISA                                    (abs)        0008C
_TRISB                                    (abs)        0008D
_TRISC                                    (abs)        0008E
_TRISE                                    (abs)        00090
_WDTCON                                   (abs)        00097
_WDT_Initialize                           text2        0020E
_WPUB                                     (abs)        0020D
_WPUE                                     (abs)        00210
__H__absolute__                           __absolute__ 00000
__Habs1                                   abs1         00000
__Hbank0                                  bank0        00000
__Hbank1                                  bank1        00000
__Hbank10                                 bank10       00000
__Hbank11                                 bank11       00000
__Hbank12                                 bank12       00000
__Hbank13                                 bank13       00000
__Hbank14                                 bank14       00000
__Hbank15                                 bank15       00000
__Hbank16                                 bank16       00000
__Hbank17                                 bank17       00000
__Hbank18                                 bank18       00000
__Hbank19                                 bank19       00000
__Hbank2                                  bank2        00000
__Hbank20                                 bank20       00000
__Hbank21                                 bank21       00000
__Hbank22                                 bank22       00000
__Hbank23                                 bank23       00000
__Hbank24                                 bank24       00000
__Hbank25                                 bank25       00000
__Hbank26                                 bank26       00000
__Hbank27                                 bank27       00000
__Hbank28                                 bank28       00000
__Hbank29                                 bank29       00000
__Hbank3                                  bank3        00000
__Hbank30                                 bank30       00000
__Hbank31                                 bank31       00000
__Hbank4                                  bank4        00000
__Hbank5                                  bank5        00000
__Hbank6                                  bank6        00000
__Hbank7                                  bank7        00000
__Hbank8                                  bank8        00000
__Hbank9                                  bank9        00000
__Hbigram                                 bigram       00000
__HbssBANK0                               bssBANK0     00000
__HbssCOMMON                              bssCOMMON    00000
__Hcinit                                  cinit        0003D
__Hclrtext                                clrtext      00000
__Hcode                                   code         00000
__Hcommon                                 common       00000
__Hconfig                                 config       08009
__HcstackBANK0                            cstackBANK0  00000
__HcstackCOMMON                           cstackCOMMON 00000
__Heeprom_data                            eeprom_data  00000
__Hend_init                               end_init     00029
__Hfunctab                                functab      00000
__Hheap                                   heap         00000
__Hinit                                   init         00027
__Hintentry                               intentry     00027
__Hmaintext                               maintext     00000
__Hpowerup                                powerup      00000
__Hram                                    ram          00000
__Hreset_vec                              reset_vec    00002
__Hsfr0                                   sfr0         00000
__Hsfr1                                   sfr1         00000
__Hsfr10                                  sfr10        00000
__Hsfr11                                  sfr11        00000
__Hsfr12                                  sfr12        00000
__Hsfr13                                  sfr13        00000
__Hsfr14                                  sfr14        00000
__Hsfr15                                  sfr15        00000
__Hsfr16                                  sfr16        00000
__Hsfr17                                  sfr17        00000
__Hsfr18                                  sfr18        00000
__Hsfr19                                  sfr19        00000
__Hsfr2                                   sfr2         00000
__Hsfr20                                  sfr20        00000
__Hsfr21                                  sfr21        00000
__Hsfr22                                  sfr22        00000
__Hsfr23                                  sfr23        00000
__Hsfr24                                  sfr24        00000
__Hsfr25                                  sfr25        00000
__Hsfr26                                  sfr26        00000
__Hsfr27                                  sfr27        00000
__Hsfr28                                  sfr28        00000
__Hsfr29                                  sfr29        00000
__Hsfr3                                   sfr3         00000
__Hsfr30                                  sfr30        00000
__Hsfr31                                  sfr31        00000
__Hsfr4                                   sfr4         00000
__Hsfr5                                   sfr5         00000
__Hsfr6                                   sfr6         00000
__Hsfr7                                   sfr7         00000
__Hsfr8                                   sfr8         00000
__Hsfr9                                   sfr9         00000
__Hspace_0                                (abs)        00225
__Hspace_1                                (abs)        0007C
__Hspace_2                                (abs)        00000
__Hspace_3                                (abs)        00000
__Hspace_4                                (abs)        10010
__Hstack                                  stack        00000
__Hstrings                                strings      00000
__Htext                                   text         00000
__L__absolute__                           __absolute__ 00000
__Labs1                                   abs1         00000
__Lbank0                                  bank0        00000
__Lbank1                                  bank1        00000
__Lbank10                                 bank10       00000
__Lbank11                                 bank11       00000
__Lbank12                                 bank12       00000
__Lbank13                                 bank13       00000
__Lbank14                                 bank14       00000
__Lbank15                                 bank15       00000
__Lbank16                                 bank16       00000
__Lbank17                                 bank17       00000
__Lbank18                                 bank18       00000
__Lbank19                                 bank19       00000
__Lbank2                                  bank2        00000
__Lbank20                                 bank20       00000
__Lbank21                                 bank21       00000
__Lbank22                                 bank22       00000
__Lbank23                                 bank23       00000
__Lbank24                                 bank24       00000
__Lbank25                                 bank25       00000
__Lbank26                                 bank26       00000
__Lbank27                                 bank27       00000
__Lbank28                                 bank28       00000
__Lbank29                                 bank29       00000
__Lbank3                                  bank3        00000
__Lbank30                                 bank30       00000
__Lbank31                                 bank31       00000
__Lbank4                                  bank4        00000
__Lbank5                                  bank5        00000
__Lbank6                                  bank6        00000
__Lbank7                                  bank7        00000
__Lbank8                                  bank8        00000
__Lbank9                                  bank9        00000
__Lbigram                                 bigram       00000
__LbssBANK0                               bssBANK0     00000
__LbssCOMMON                              bssCOMMON    00000
__Lcinit                                  cinit        00029
__Lclrtext                                clrtext      00000
__Lcode                                   code         00000
__Lcommon                                 common       00000
__Lconfig                                 config       00000
__LcstackBANK0                            cstackBANK0  00000
__LcstackCOMMON                           cstackCOMMON 00000
__Leeprom_data                            eeprom_data  00000
__Lend_init                               end_init     00027
__Lfunctab                                functab      00000
__Lheap                                   heap         00000
__Linit                                   init         00027
__Lintentry                               intentry     00004
__Lmaintext                               maintext     00000
__Lpowerup                                powerup      00000
__Lram                                    ram          00000
__Lreset_vec                              reset_vec    00000
__Lsfr0                                   sfr0         00000
__Lsfr1                                   sfr1         00000
__Lsfr10                                  sfr10        00000
__Lsfr11                                  sfr11        00000
__Lsfr12                                  sfr12        00000
__Lsfr13                                  sfr13        00000
__Lsfr14                                  sfr14        00000
__Lsfr15                                  sfr15        00000
__Lsfr16                                  sfr16        00000
__Lsfr17                                  sfr17        00000
__Lsfr18                                  sfr18        00000
__Lsfr19                                  sfr19        00000
__Lsfr2                                   sfr2         00000
__Lsfr20                                  sfr20        00000
__Lsfr21                                  sfr21        00000
__Lsfr22                                  sfr22        00000
__Lsfr23                                  sfr23        00000
__Lsfr24                                  sfr24        00000
__Lsfr25                                  sfr25        00000
__Lsfr26                                  sfr26        00000
__Lsfr27                                  sfr27        00000
__Lsfr28                                  sfr28        00000
__Lsfr29                                  sfr29        00000
__Lsfr3                                   sfr3         00000
__Lsfr30                                  sfr30        00000
__Lsfr31                                  sfr31        00000
__Lsfr4                                   sfr4         00000
__Lsfr5                                   sfr5         00000
__Lsfr6                                   sfr6         00000
__Lsfr7                                   sfr7         00000
__Lsfr8                                   sfr8         00000
__Lsfr9                                   sfr9         00000
__Lspace_0                                (abs)        00000
__Lspace_1                                (abs)        00000
__Lspace_2                                (abs)        00000
__Lspace_3                                (abs)        00000
__Lspace_4                                (abs)        00000
__Lstack                                  stack        00000
__Lstrings                                strings      00000
__Ltext                                   text         00000
__S0                                      (abs)        00225
__S1                                      (abs)        0007C
__S3                                      (abs)        00000
___heap_hi                                (abs)        00000
___heap_lo                                (abs)        00000
___int_sp                                 stack        00000
___latbits                                (abs)        00002
___sp                                     stack        00000
___stackhi                                (abs)        00000
___stacklo                                (abs)        00000
__end_of_AddressIntHandler                text33       00222
__end_of_I2C_Initialize                   text5        001A4
__end_of_I2C_Isr                          text18       000A6
__end_of_I2C_Open                         text6        00129
__end_of_I2C_SlaveAddrCallBack            text32       00199
__end_of_I2C_SlaveClearIrq                text31       0021F
__end_of_I2C_SlaveDefAddrInterruptHandler text34       0020E
__end_of_I2C_SlaveDefRdInterruptHandler   text26       00204
__end_of_I2C_SlaveDefWrInterruptHandler   text20       001FA
__end_of_I2C_SlaveEnableIrq               text16       00219
__end_of_I2C_SlaveGetRxData               text35       00225
__end_of_I2C_SlaveIsAddr                  text30       001B9
__end_of_I2C_SlaveIsRead                  text29       00209
__end_of_I2C_SlaveIsRxBufFull             text28       00216
__end_of_I2C_SlaveIsTxBufEmpty            text27       001B2
__end_of_I2C_SlaveOpen                    text15       00165
__end_of_I2C_SlaveRdCallBack              text25       0018C
__end_of_I2C_SlaveReleaseClock            text24       0021C
__end_of_I2C_SlaveSendTxData              text23       001FF
__end_of_I2C_SlaveSetAddrIntHandler       text14       001EF
__end_of_I2C_SlaveSetBusColIntHandler     text13       001E9
__end_of_I2C_SlaveSetIsrHandler           text12       001E3
__end_of_I2C_SlaveSetReadIntHandler       text11       001DD
__end_of_I2C_SlaveSetSlaveAddr            text10       001D7
__end_of_I2C_SlaveSetSlaveMask            text9        001D1
__end_of_I2C_SlaveSetWrColIntHandler      text8        001CB
__end_of_I2C_SlaveSetWriteIntHandler      text7        001C5
__end_of_I2C_SlaveWrCallBack              text19       0017F
__end_of_I2C_Write                        text22       001F5
__end_of_INTERRUPT_InterruptManager       intentry     00027
__end_of_OSCILLATOR_Initialize            text4        001AB
__end_of_PIN_MANAGER_Initialize           text3        00144
__end_of_ReadIntHandler                   text21       00156
__end_of_SYSTEM_Initialize                text1        00172
__end_of_WDT_Initialize                   text2        00212
__end_of__initialization                  cinit        00039
__end_of_main                             maintext     000EA
__initialization                          cinit        00029
__pbssBANK0                               bssBANK0     00020
__pbssCOMMON                              bssCOMMON    00070
__pcstackBANK0                            cstackBANK0  0002E
__pcstackCOMMON                           cstackCOMMON 00078
__pintentry                               intentry     00004
__pmaintext                               maintext     000A6
__ptext1                                  text1        00165
__ptext10                                 text10       001D1
__ptext11                                 text11       001D7
__ptext12                                 text12       001DD
__ptext13                                 text13       001E3
__ptext14                                 text14       001E9
__ptext15                                 text15       00156
__ptext16                                 text16       00216
__ptext18                                 text18       0003D
__ptext19                                 text19       00172
__ptext2                                  text2        0020E
__ptext20                                 text20       001F5
__ptext21                                 text21       00144
__ptext22                                 text22       001EF
__ptext23                                 text23       001FA
__ptext24                                 text24       00219
__ptext25                                 text25       0017F
__ptext26                                 text26       001FF
__ptext27                                 text27       001AB
__ptext28                                 text28       00212
__ptext29                                 text29       00204
__ptext3                                  text3        00129
__ptext30                                 text30       001B2
__ptext31                                 text31       0021C
__ptext32                                 text32       0018C
__ptext33                                 text33       0021F
__ptext34                                 text34       00209
__ptext35                                 text35       00222
__ptext4                                  text4        001A4
__ptext5                                  text5        00199
__ptext6                                  text6        000EA
__ptext7                                  text7        001BF
__ptext8                                  text8        001C5
__ptext9                                  text9        001CB
_dath                                     bssCOMMON    00074
_datl                                     bssCOMMON    00075
_i2cRdData                                bssCOMMON    00072
_i2cSlaveAddr                             bssCOMMON    00071
_i2cSlaveState                            bssCOMMON    00070
_i2cWrData                                bssCOMMON    00073
_main                                     maintext     000A6
_prog_data                                bssBANK0     00020
_read_state                               bssCOMMON    00076
_start_barrier                            bssCOMMON    00077
btemp                                     (abs)        0007E
clear_ram0                                clrtext      001B9
end_of_initialization                     cinit        00039
int$flags                                 (abs)        0007E
intlevel0                                 functab      00000
intlevel1                                 functab      00000
intlevel2                                 functab      00000
intlevel3                                 functab      00000
intlevel4                                 functab      00000
intlevel5                                 functab      00000
reset_vec                                 reset_vec    00000
start                                     init         00027
start_initialization                      cinit        00029
wtemp0                                    (abs)        0007E


MODULE INFORMATION

Module		Function		Class		Link	Load	Size
mcc_generated_files/i2c_slave.c
		_I2C_SlaveDefRdInterruptHandler		CODE           	01FF	0000	5
		_I2C_SlaveDefWrInterruptHandler		CODE           	01F5	0000	5
		_I2C_SlaveSetWrColIntHandler		CODE           	01C5	0000	6
		_I2C_SlaveSetWriteIntHandler		CODE           	01BF	0000	6
		_I2C_SlaveOpen 		CODE           	0156	0000	15
		_I2C_SlaveSetSlaveAddr		CODE           	01D1	0000	6
		_I2C_Write     		CODE           	01EF	0000	6
		_I2C_SlaveIsRxBufFull		CODE           	0212	0000	4
		_I2C_SlaveClearIrq		CODE           	021C	0000	3
		_I2C_SlaveGetRxData		CODE           	0222	0000	3
		_I2C_SlaveSetSlaveMask		CODE           	01CB	0000	6
		_I2C_Isr       		CODE           	003D	0000	105
		_I2C_SlaveDefAddrInterruptHandler		CODE           	0209	0000	5
		_I2C_Open      		CODE           	00EA	0000	63
		_I2C_SlaveIsRead		CODE           	0204	0000	5
		_I2C_SlaveSetIsrHandler		CODE           	01DD	0000	6
		_I2C_SlaveIsAddr		CODE           	01B2	0000	7
		_I2C_SlaveSetBusColIntHandler		CODE           	01E3	0000	6
		_I2C_SlaveEnableIrq		CODE           	0216	0000	3
		_I2C_SlaveSendTxData		CODE           	01FA	0000	5
		_I2C_SlaveRdCallBack		CODE           	017F	0000	13
		_I2C_SlaveWrCallBack		CODE           	0172	0000	13
		_I2C_SlaveSetReadIntHandler		CODE           	01D7	0000	6
		_I2C_SlaveAddrCallBack		CODE           	018C	0000	13
		_I2C_Initialize		CODE           	0199	0000	11
		_I2C_SlaveIsTxBufEmpty		CODE           	01AB	0000	7
		_I2C_SlaveSetAddrIntHandler		CODE           	01E9	0000	6
		_I2C_SlaveReleaseClock		CODE           	0219	0000	3

mcc_generated_files/i2c_slave.c estimated size: 342

mcc_generated_files/interrupt_manager.c
		_INTERRUPT_InterruptManager		CODE           	0004	0000	35

mcc_generated_files/interrupt_manager.c estimated size: 35

mcc_generated_files/pin_manager.c
		_PIN_MANAGER_Initialize		CODE           	0129	0000	27

mcc_generated_files/pin_manager.c estimated size: 27

shared
		__initialization		CODE           	0029	0000	16

shared estimated size: 16

mcc_generated_files/mcc.c
		_WDT_Initialize		CODE           	020E	0000	4
		_OSCILLATOR_Initialize		CODE           	01A4	0000	7
		_SYSTEM_Initialize		CODE           	0165	0000	13

mcc_generated_files/mcc.c estimated size: 24

main.c
		_main          		CODE           	00A6	0000	68
		_ReadIntHandler		CODE           	0144	0000	18
		_AddressIntHandler		CODE           	021F	0000	3

main.c estimated size: 89

